// Jest Snapshot v1, https://goo.gl/fbAQLP

exports[`cookie-control-config should match snapshot 1`] = `
Object {
  "accessibility": Object {
    "highlightFocus": false,
  },
  "apiKey": "843970763414bd3ac1229c12767f5e7fab9ef68c",
  "branding": Object {
    "backgroundColor": "#fff",
    "fontColor": "#0e0e0e",
    "fontFamily": "Inter,'Helvetica Neue',Helvetica,Arial,sans-serif",
    "fontSize": "1rem",
    "removeAbout": true,
    "removeIcon": true,
  },
  "encodeCookie": true,
  "initialState": "open",
  "necessaryCookies": Array [
    "AWSELB",
    "AWSELBCORS",
    "AWSALBTG",
    "AWSALBTGCORS",
    "__ngat_1.2",
    "__nrpa_2.2",
    "IdAM",
    "IdAMC*",
    "auth0",
    "auth0_compat",
    "did",
    "did_compat",
    "_tempCid",
    ".AspNet.ClientCookie",
    "OpenIdConnect.nonce.*",
    "ASPXAUTH",
    "ASP.NET_SessionId",
    "__RequestVerificationToken",
    "downloadopen",
    "ud",
    "documentReferrer",
    "impersonate",
    "display-node-orders",
    "data-extraction-fixed-tables",
    "data-extraction-input-vertical",
    "browser-warning-shown",
    "compact",
    "dedupe-show-details",
    "relevant-highlight",
    "irrelevant-highlight",
    "dedupe-view",
    "text-highlighter-hide",
    "evercookie_cache",
    "evercookie_etag",
    "evercookie_png",
    ".ukps",
    ".ukpsLease",
    "sticky-session",
    ".AspNetCore.Cookies",
    "ConsultationSession-*",
    "nice_internal_exclusion",
    "csrftoken",
    "CKS-EULA-Accepted",
    "BNF-EULA-Accepted",
  ],
  "onLoad": [Function],
  "optionalCookies": Array [
    Object {
      "cookies": Array [
        "TutorialVisible",
        "HoistSearches",
        "NICE_guidanceList_*",
        "mobile-mode",
        "history-stack",
        "history-stack-groupUid",
        "history-stack-details",
      ],
      "description": "These cookies remember information that changes the way our website behaves or looks, like your preferred layout or previously viewed pages.",
      "label": "Preference cookies",
      "name": "preferences",
      "onAccept": [Function],
      "onRevoke": [Function],
    },
    Object {
      "cookies": Array [
        "_ga",
        "_gat_UA-*",
        "_gid",
        "_ga_*",
        "_gadatalayer",
        "_hj*",
        "ajs_*",
        "_gaexp",
        "_opt_*",
      ],
      "description": "We use tools such as Google Analytics, Hotjar, Google Optimize and Loop11 to help us anonymously measure how you use our websites. This allows us to make improvements based on our users' needs.

These tools set cookies that store anonymised information about how you got to the site, and how you interact with the site.",
      "label": "Website usage cookies",
      "name": "analytics",
      "onAccept": [Function],
      "onRevoke": [Function],
      "vendors": Array [
        Object {
          "description": "We use Google Analytics for usage metrics like page views and link clicks. It uses cookies to join up user behaviour across multiple page views and sessions.",
          "name": "Google Analytics",
          "thirdPartyCookies": false,
          "url": "https://policies.google.com/technologies/cookies?hl=en-US",
        },
        Object {
          "description": "We use Hotjar for behaviour analysis, heatmaps, clickmaps, usage recordings, polls and surveys. It uses cookies to stop users from seeing the same poll twice.",
          "name": "HotJar",
          "thirdPartyCookies": false,
          "url": "https://help.hotjar.com/hc/en-us/articles/115011789248-Hotjar-Cookie-Information",
        },
        Object {
          "description": "We use Google Optimize to experiment with new content and designs to help improve our services. It uses cookies to remember which experiments a user has seen.",
          "name": "Google Optimize",
          "thirdPartyCookies": false,
          "url": "https://policies.google.com/technologies/cookies?hl=en-US",
        },
      ],
    },
    Object {
      "cookies": Array [
        "_gcl_*",
        "li_fat_id",
        "_fbp",
        "_fbc",
      ],
      "description": "We use Google Ads, LinkedIn, Facebook and Twitter to show adverts on external sites to promote NICE services, events and content.

These services may use cookies to help make advertising more effective. These cookies are used for things like showing relevant adverts based on website visits, preventing the same ad from continuously re-appearing, or by measuring how many times people click on these adverts.",
      "label": "Marketing and advertising cookies",
      "name": "marketing",
      "onAccept": [Function],
      "onRevoke": [Function],
      "thirdPartyCookies": Array [
        Object {
          "name": "Google Ads",
          "optOutLink": "https://adssettings.google.com/",
        },
        Object {
          "name": "LinkedIn",
          "optOutLink": "https://www.linkedin.com/help/linkedin/answer/62931/manage-advertising-preferences?lang=en",
        },
        Object {
          "name": "Facebook",
          "optOutLink": "https://en-gb.facebook.com/help/568137493302217",
        },
        Object {
          "name": "Twitter",
          "optOutLink": "https://business.twitter.com/en/help/ads-policies/product-policies/interest-based-opt-out-policy.html",
        },
      ],
      "vendors": Array [
        Object {
          "description": "Google Ads serves adverts on Google products and services. It uses cookies to help to make advertising more effective.",
          "name": "Google Ads",
          "thirdPartyCookies": true,
          "url": "https://policies.google.com/technologies/ads",
        },
        Object {
          "description": "LinkedIn shows adverts when you browse LinkedIn products and services. It uses cookies to help to make advertising more effective.",
          "name": "LinkedIn",
          "thirdPartyCookies": true,
          "url": "https://www.linkedin.com/legal/cookie-policy",
        },
        Object {
          "description": "Facebook shows adverts when you browse their platform. It uses cookies to help to make advertising more effective.",
          "name": "Facebook",
          "thirdPartyCookies": true,
          "url": "https://en-gb.facebook.com/policy/cookies/",
        },
        Object {
          "description": "Twitter shows adverts when you browse their platform. It uses cookies to help to make advertising more effective.",
          "name": "Twitter",
          "thirdPartyCookies": true,
          "url": "https://help.twitter.com/en/rules-and-policies/twitter-cookies",
        },
      ],
    },
  ],
  "position": "left",
  "product": "PRO_MULTISITE",
  "rejectButton": true,
  "sameSiteCookie": false,
  "sameSiteValue": "Lax",
  "statement": Object {
    "description": "For more information, view our",
    "name": "cookie statement.",
    "updated": "07/07/2023",
    "url": "https://www.nice.org.uk/cookies",
  },
  "text": Object {
    "acceptSettings": "Accept all cookies",
    "closeLabel": "Close cookie banner",
    "intro": "Cookies are files saved on your phone, tablet or computer when you visit a website.
We use cookies to store information about how you use the NICE website and services, such as the pages you visit.",
    "necessaryDescription": "These cookies enable basic functions like page navigation and access to secure areas of the website. Our website cannot function properly without these cookies and they can only be deactivated by changing your browser preferences.",
    "necessaryTitle": "Essential cookies",
    "notifyDescription": "We store cookies on your device to make our site work and to help us understand how the site is being used.",
    "notifyTitle": "Cookies on the NICE website and services",
    "rejectSettings": "Reject cookies",
    "settings": "Manage cookies",
    "title": "Cookies on the NICE website and services",
  },
  "theme": "light",
  "toggleType": "slider",
}
`;
